// Jest Snapshot v1, https://goo.gl/fbAQLP

exports[`renders the select list of companies 1`] = `
<div>
  <label
    htmlFor="pollCompanies"
  >
    Pollster
  </label>
  <select
    name="pollCompanies"
  >
    <option
      selected={true}
      value="YG"
    >
      YouGov
    </option>
    <option
      selected={false}
      value="SRVN"
    >
      Survation
    </option>
  </select>
</div>
`;
